{"@timestamp": "2026-08-17T08:00:01.102Z", "level": "INFO", "service": "api-gateway", "host": "web-01", "status": 200, "latency_ms": 12.4, "trace_id": "6b2f9a1d4c8e4f11", "message": "GET /health 200"}
{"@timestamp": "2026-08-17T08:00:02.341Z", "level": "INFO", "service": "auth", "host": "web-01", "status": 200, "latency_ms": 45.8, "trace_id": "6b2f9a1d4c8e4f12", "message": "login succeeded for user 4821"}
{"@timestamp": "2026-08-17T08:00:03.507Z", "level": "DEBUG", "service": "auth", "host": "web-01", "status": 200, "latency_ms": 3.1, "trace_id": "6b2f9a1d4c8e4f12", "message": "session token issued, ttl=3600s"}
{"@timestamp": "2026-08-17T08:00:05.019Z", "level": "INFO", "service": "billing", "host": "web-02", "status": 201, "latency_ms": 88.2, "trace_id": "a4d1e7c209f34a3b", "message": "invoice created for account 1093"}
{"@timestamp": "2026-08-17T08:00:06.220Z", "level": "WARN", "service": "billing", "host": "web-02", "status": 200, "latency_ms": 612.7, "trace_id": "a4d1e7c209f34a3c", "message": "slow query on invoices table, duration above threshold"}
{"@timestamp": "2026-08-17T08:00:08.445Z", "level": "INFO", "service": "checkout", "host": "web-01", "status": 200, "latency_ms": 134.9, "trace_id": "f0913c8b7a2d4e56", "message": "cart 5521 checked out successfully"}
{"@timestamp": "2026-08-17T08:00:09.812Z", "level": "ERROR", "service": "auth", "host": "web-03", "status": 500, "latency_ms": 21.6, "trace_id": "6b2f9a1d4c8e4f19", "message": "connection refused"}
{"@timestamp": "2026-08-17T08:00:09.813Z", "level": "ERROR", "service": "auth", "host": "web-03", "status": 500, "latency_ms": 21.6, "trace_id": "6b2f9a1d4c8e4f19", "message": "Traceback (most recent call last):\n  File \"auth/service.py\", line 118, in verify_credentials\n    conn = pool.acquire(timeout=2.0)\n  File \"auth/pool.py\", line 44, in acquire\n    raise ConnectionRefusedError(self._dsn)\nConnectionRefusedError: connection refused: postgres://auth-db:5432/auth"}
{"@timestamp": "2026-08-17T08:00:11.098Z", "level": "INFO", "service": "api-gateway", "host": "web-01", "status": 200, "latency_ms": 9.7, "trace_id": "6b2f9a1d4c8e4f21", "message": "GET /health 200"}
{"@timestamp": "2026-08-17T08:00:12.663Z", "level": "INFO", "service": "search", "host": "web-04", "status": 200, "latency_ms": 56.3, "trace_id": "1f6a8d0c3b7e4912", "message": "query 'connection refused' returned 42 hits"}
{"@timestamp": "2026-08-17T08:00:14.201Z", "level": "WARN", "service": "checkout", "host": "web-01", "status": 200, "latency_ms": 401.5, "trace_id": "f0913c8b7a2d4e60", "message": "retrying payment provider call, attempt 2"}
{"@timestamp": "2026-08-17T08:00:15.977Z", "level": "INFO", "service": "billing", "host": "web-02", "status": 200, "latency_ms": 31.2, "trace_id": "a4d1e7c209f34a44", "message": "invoice 1093-04 marked paid"}
{"@timestamp": "2026-08-17T08:00:17.340Z", "level": "ERROR", "service": "checkout", "host": "web-01", "status": 502, "latency_ms": 2004.3, "trace_id": "f0913c8b7a2d4e66", "message": "payment provider timed out"}
{"@timestamp": "2026-08-17T08:00:17.341Z", "level": "ERROR", "service": "checkout", "host": "web-01", "status": 502, "latency_ms": 2004.3, "trace_id": "f0913c8b7a2d4e66", "message": "Traceback (most recent call last):\n  File \"checkout/payments.py\", line 76, in charge\n    response = client.post(url, json=payload, timeout=2.0)\n  File \"httpx/_client.py\", line 901, in post\n    raise TimeoutException(request=request)\nhttpx.TimeoutException: payment-provider.internal timed out after 2.0s"}
{"@timestamp": "2026-08-17T08:00:19.556Z", "level": "INFO", "service": "auth", "host": "web-03", "status": 200, "latency_ms": 40.1, "trace_id": "6b2f9a1d4c8e4f28", "message": "login succeeded for user 918"}
{"@timestamp": "2026-08-17T08:00:21.812Z", "level": "DEBUG", "service": "search", "host": "web-04", "status": 200, "latency_ms": 4.4, "trace_id": "1f6a8d0c3b7e4920", "message": "cache hit for query hash e91a"}
{"@timestamp": "2026-08-17T08:00:22.905Z", "level": "INFO", "service": "api-gateway", "host": "web-01", "status": 200, "latency_ms": 8.9, "trace_id": "6b2f9a1d4c8e4f30", "message": "GET /health 200"}
{"@timestamp": "2026-08-17T08:00:24.118Z", "level": "WARN", "service": "auth", "host": "web-03", "status": 200, "latency_ms": 355.2, "trace_id": "6b2f9a1d4c8e4f33", "message": "password hash verification took longer than usual"}
{"@timestamp": "2026-08-17T08:00:26.470Z", "level": "INFO", "service": "billing", "host": "web-02", "status": 200, "latency_ms": 22.6, "trace_id": "a4d1e7c209f34a52", "message": "monthly usage report generated for account 774"}
{"@timestamp": "2026-08-17T08:00:28.003Z", "level": "ERROR", "service": "search", "host": "web-04", "status": 503, "latency_ms": 5012.0, "trace_id": "1f6a8d0c3b7e4934", "message": "search index unavailable, backing off"}
{"@timestamp": "2026-08-17T08:00:29.611Z", "level": "INFO", "service": "checkout", "host": "web-01", "status": 200, "latency_ms": 121.4, "trace_id": "f0913c8b7a2d4e72", "message": "cart 5522 checked out successfully"}
{"@timestamp": "2026-08-17T08:00:31.244Z", "level": "INFO", "service": "auth", "host": "web-03", "status": 200, "latency_ms": 38.7, "trace_id": "6b2f9a1d4c8e4f40", "message": "login succeeded for user 4822"}
{"@timestamp": "2026-08-17T08:00:33.559Z", "level": "FATAL", "service": "billing", "host": "web-02", "status": 500, "latency_ms": 9.0, "trace_id": "a4d1e7c209f34a60", "message": "out of memory while batching invoices, worker restarting"}
{"@timestamp": "2026-08-17T08:00:35.877Z", "level": "INFO", "service": "api-gateway", "host": "web-01", "status": 200, "latency_ms": 10.3, "trace_id": "6b2f9a1d4c8e4f45", "message": "GET /health 200"}
{"@timestamp": "2026-08-17T08:00:37.209Z", "level": "INFO", "service": "search", "host": "web-04", "status": 200, "latency_ms": 61.9, "trace_id": "1f6a8d0c3b7e4948", "message": "query 'invoice 1093' returned 3 hits"}
{"@timestamp": "2026-08-17T08:00:39.412Z", "level": "WARN", "service": "checkout", "host": "web-01", "status": 200, "latency_ms": 298.0, "trace_id": "f0913c8b7a2d4e80", "message": "inventory service response slower than SLA"}
{"@timestamp": "2026-08-17T08:00:41.660Z", "level": "INFO", "service": "billing", "host": "web-02", "status": 200, "latency_ms": 27.8, "trace_id": "a4d1e7c209f34a68", "message": "invoice created for account 2044"}
{"@timestamp": "2026-08-17T08:00:43.905Z", "level": "ERROR", "service": "auth", "host": "web-03", "status": 500, "latency_ms": 18.2, "trace_id": "6b2f9a1d4c8e4f52", "message": "connection refused"}
{"@timestamp": "2026-08-17T08:00:46.121Z", "level": "INFO", "service": "checkout", "host": "web-01", "status": 200, "latency_ms": 143.7, "trace_id": "f0913c8b7a2d4e88", "message": "cart 5523 checked out successfully"}
{"@timestamp": "2026-08-17T08:00:48.398Z", "level": "DEBUG", "service": "api-gateway", "host": "web-01", "status": 200, "latency_ms": 2.9, "trace_id": "6b2f9a1d4c8e4f58", "message": "rate limiter bucket refilled"}
{"@timestamp": "2026-08-17T08:00:50.734Z", "level": "INFO", "service": "auth", "host": "web-03", "status": 200, "latency_ms": 42.0, "trace_id": "6b2f9a1d4c8e4f61", "message": "login succeeded for user 231"}
{"@timestamp": "2026-08-17T08:00:52.947Z", "level": "WARN", "service": "search", "host": "web-04", "status": 200, "latency_ms": 480.6, "trace_id": "1f6a8d0c3b7e4959", "message": "query took longer than expected, consider adding an index"}
{"@timestamp": "2026-08-17T08:00:55.180Z", "level": "INFO", "service": "billing", "host": "web-02", "status": 200, "latency_ms": 19.4, "trace_id": "a4d1e7c209f34a75", "message": "invoice 2044-01 marked paid"}
{"@timestamp": "2026-08-17T08:00:57.402Z", "level": "ERROR", "service": "checkout", "host": "web-01", "status": 500, "latency_ms": 15.5, "trace_id": "f0913c8b7a2d4e95", "message": "unhandled exception while checking out cart 5524"}
{"@timestamp": "2026-08-17T08:00:59.633Z", "level": "INFO", "service": "api-gateway", "host": "web-01", "status": 200, "latency_ms": 11.1, "trace_id": "6b2f9a1d4c8e4f66", "message": "GET /health 200"}
{"@timestamp": "2026-08-17T08:01:01.855Z", "level": "INFO", "service": "auth", "host": "web-03", "status": 200, "latency_ms": 36.4, "trace_id": "6b2f9a1d4c8e4f70", "message": "login succeeded for user 4823"}
{"@timestamp": "2026-08-17T08:01:04.077Z", "level": "INFO", "service": "search", "host": "web-04", "status": 200, "latency_ms": 48.8, "trace_id": "1f6a8d0c3b7e4970", "message": "query 'payment provider timed out' returned 7 hits"}
